// Vitest Snapshot v1, https://vitest.dev/guide/snapshot.html

exports[`ProseImage > has correct output 1`] = `
<div
  class="not-prose mx-auto"
  style="max-width: 400px;"
>
  <img
    alt="description"
    class="aspect-[var(--width)/var(--height)] w-full rounded-lg"
    loading="lazy"
    sizes="(min-width: 96rem) 920px, (min-width: 80rem) 780px, (min-width: 64rem) 700px, (min-width: 40rem) 620px, calc(100vw - (var(--spacing-page) * 2))"
    src="https://res.cloudinary.com/silvenon/image/upload/c_limit,w_1024,f_auto,q_auto/1_zs1MOwXPd-FcxoQ5RIMvyw_t3axyl"
    srcset="https://res.cloudinary.com/silvenon/image/upload/c_limit,w_640,f_auto,q_auto/1_zs1MOwXPd-FcxoQ5RIMvyw_t3axyl 640w, https://res.cloudinary.com/silvenon/image/upload/c_limit,w_768,f_auto,q_auto/1_zs1MOwXPd-FcxoQ5RIMvyw_t3axyl 768w, https://res.cloudinary.com/silvenon/image/upload/c_limit,w_800,f_auto,q_auto/1_zs1MOwXPd-FcxoQ5RIMvyw_t3axyl 800w"
    style="--width: 800; --height: 600;"
  />
</div>
`;
