// Jest Snapshot v1, https://goo.gl/fbAQLP

exports[`excerpt includes content above the marker 1`] = `
"/* @jsx mdx */
import Foo from './components/foo'
export const Excerpt = function MDXExcerpt() {
  return <>
    <h1>{\`Hello world!\`}</h1>
    <p>{\`Included in the excerpt.\`}</p>

  </>;
};
const makeShortcode = name => function MDXDefaultShortcode(props) {
  console.warn(\\"Component \\" + name + \\" was not imported, exported, or provided by MDXProvider as global scope\\")
  return <div {...props}/>
};
const IgnoreJSX = makeShortcode(\\"IgnoreJSX\\");
const layoutProps = {
  Excerpt
};
const MDXLayout = \\"wrapper\\"
export default function MDXContent({
  components,
  ...props
}) {
  return <MDXLayout {...layoutProps} {...props} components={components} mdxType=\\"MDXLayout\\">

    <h1>{\`Hello world!\`}</h1>
    <p>{\`Included in the excerpt.\`}</p>
    <IgnoreJSX mdxType=\\"IgnoreJSX\\" />

    <p>{\`Not included in the excerpt.\`}</p>
    </MDXLayout>;
}

;
MDXContent.isMDXComponent = true;"
`;

exports[`excerpt supports including first X nodes 1`] = `
"/* @jsx mdx */
import Foo from './components/foo'
export const Excerpt = function MDXExcerpt() {
  return <>
    <h1>{\`Hello world!\`}</h1>
    <p>{\`Included in the excerpt.\`}</p>

  </>;
};
const makeShortcode = name => function MDXDefaultShortcode(props) {
  console.warn(\\"Component \\" + name + \\" was not imported, exported, or provided by MDXProvider as global scope\\")
  return <div {...props}/>
};
const IgnoreJSX = makeShortcode(\\"IgnoreJSX\\");
const layoutProps = {
  Excerpt
};
const MDXLayout = \\"wrapper\\"
export default function MDXContent({
  components,
  ...props
}) {
  return <MDXLayout {...layoutProps} {...props} components={components} mdxType=\\"MDXLayout\\">

    <h1>{\`Hello world!\`}</h1>
    <p>{\`Included in the excerpt.\`}</p>
    <IgnoreJSX mdxType=\\"IgnoreJSX\\" />
    <p>{\`Not included in the excerpt.\`}</p>
    </MDXLayout>;
}

;
MDXContent.isMDXComponent = true;"
`;
